\BOOKMARK [0][-]{chapter.1}{\376\377\000I\000n\000t\000r\000o\000d\000u\000c\000c\000i\000\363\000n}{}% 1
\BOOKMARK [1][-]{section.1.1}{\376\377\000P\000r\000e\000s\000e\000n\000t\000a\000c\000i\000\363\000n}{chapter.1}% 2
\BOOKMARK [2][-]{subsection.1.1.1}{\376\377\000P\000r\000o\000b\000l\000e\000m\000\341\000t\000i\000c\000a\000\040\000O\000p\000e\000r\000a\000t\000i\000v\000a\000\040\000y\000\040\000J\000u\000s\000t\000i\000f\000i\000c\000a\000c\000i\000\363\000n\000\040\000d\000e\000l\000\040\000S\000i\000s\000t\000e\000m\000a}{section.1.1}% 3
\BOOKMARK [1][-]{section.1.2}{\376\377\000O\000r\000g\000a\000n\000i\000z\000a\000c\000i\000\363\000n\000\040\000d\000e\000l\000\040\000c\000o\000n\000t\000e\000n\000i\000d\000o}{chapter.1}% 4
\BOOKMARK [1][-]{section.1.3}{\376\377\000N\000o\000t\000a\000c\000i\000\363\000n\000,\000\040\000s\000\355\000m\000b\000o\000l\000o\000s\000\040\000y\000\040\000c\000o\000n\000v\000e\000n\000c\000i\000o\000n\000e\000s\000\040\000u\000t\000i\000l\000i\000z\000a\000d\000a\000s}{chapter.1}% 5
\BOOKMARK [0][-]{chapter.2}{\376\377\000M\000o\000d\000e\000l\000o\000\040\000d\000e\000l\000\040\000a\000l\000c\000a\000n\000c\000e}{}% 6
\BOOKMARK [1][-]{section.2.1}{\376\377\000A\000n\000\341\000l\000i\000s\000i\000s\000\040\000d\000e\000\040\000l\000a\000\040\000p\000r\000o\000b\000l\000e\000m\000\341\000t\000i\000c\000a}{chapter.2}% 7
\BOOKMARK [2][-]{subsection.2.1.1}{\376\377\000C\000o\000n\000t\000e\000x\000t\000o\000\040\000d\000e\000l\000\040\000p\000r\000o\000y\000e\000c\000t\000o}{section.2.1}% 8
\BOOKMARK [2][-]{subsection.2.1.2}{\376\377\000P\000r\000o\000b\000l\000e\000m\000a\000s\000\040\000i\000d\000e\000n\000t\000i\000f\000i\000c\000a\000d\000o\000s}{section.2.1}% 9
\BOOKMARK [2][-]{subsection.2.1.3}{\376\377\000A\000n\000\341\000l\000i\000s\000i\000s\000\040\000d\000e\000\040\000c\000a\000u\000s\000a\000s\000\040\000p\000r\000o\000b\000a\000b\000l\000e\000s}{section.2.1}% 10
\BOOKMARK [2][-]{subsection.2.1.4}{\376\377\000A\000n\000\341\000l\000i\000s\000i\000s\000\040\000d\000e\000\040\000p\000o\000s\000i\000b\000l\000e\000s\000\040\000c\000o\000n\000s\000e\000c\000u\000e\000n\000c\000i\000a\000s}{section.2.1}% 11
\BOOKMARK [2][-]{subsection.2.1.5}{\376\377\000C\000a\000r\000a\000c\000t\000e\000r\000\355\000s\000t\000i\000c\000a\000s\000\040\000d\000e\000\040\000l\000a\000\040\000s\000o\000l\000u\000c\000i\000\363\000n}{section.2.1}% 12
\BOOKMARK [2][-]{subsection.2.1.6}{\376\377\000S\000\355\000n\000t\000e\000s\000i\000s\000\040\000d\000e\000\040\000l\000a\000\040\000p\000r\000o\000b\000l\000e\000m\000\341\000t\000i\000c\000a}{section.2.1}% 13
\BOOKMARK [1][-]{section.2.2}{\376\377\000O\000b\000j\000e\000t\000i\000v\000o\000s\000\040\000d\000e\000l\000\040\000p\000r\000o\000y\000e\000c\000t\000o}{chapter.2}% 14
\BOOKMARK [2][-]{subsection.2.2.1}{\376\377\000O\000b\000j\000e\000t\000i\000v\000o\000\040\000g\000e\000n\000e\000r\000a\000l}{section.2.2}% 15
\BOOKMARK [2][-]{subsection.2.2.2}{\376\377\000O\000b\000j\000e\000t\000i\000v\000o\000s\000\040\000e\000s\000p\000e\000c\000\355\000f\000i\000c\000o\000s}{section.2.2}% 16
\BOOKMARK [1][-]{section.2.3}{\376\377\000U\000s\000u\000a\000r\000i\000o\000s\000\040\000i\000d\000e\000n\000t\000i\000f\000i\000c\000a\000d\000o\000s}{chapter.2}% 17
\BOOKMARK [2][-]{subsection.2.3.1}{\376\377\000P\000e\000r\000f\000i\000l\000\040\000y\000\040\000D\000e\000f\000i\000n\000i\000c\000i\000\363\000n\000\040\000d\000e\000\040\000A\000c\000t\000o\000r\000e\000s}{section.2.3}% 18
\BOOKMARK [1][-]{section.2.4}{\376\377\000P\000r\000o\000c\000e\000s\000o\000s\000\040\000i\000n\000v\000o\000l\000u\000c\000r\000a\000d\000o\000s}{chapter.2}% 19
\BOOKMARK [2][-]{subsection.2.4.1}{\376\377\000C\000l\000a\000s\000i\000f\000i\000c\000a\000c\000i\000\363\000n\000\040\000d\000e\000\040\000P\000r\000o\000c\000e\000s\000o\000s}{section.2.4}% 20
\BOOKMARK [1][-]{section.2.5}{\376\377\000R\000e\000q\000u\000e\000r\000i\000m\000i\000e\000n\000t\000o\000s\000\040\000d\000e\000\040\000u\000s\000u\000a\000r\000i\000o}{chapter.2}% 21
\BOOKMARK [1][-]{section.2.6}{\376\377\000R\000e\000q\000u\000e\000r\000i\000m\000i\000e\000n\000t\000o\000s\000\040\000f\000u\000n\000c\000i\000o\000n\000a\000l\000e\000s}{chapter.2}% 22
\BOOKMARK [1][-]{section.2.7}{\376\377\000E\000s\000p\000e\000c\000i\000f\000i\000c\000a\000c\000i\000\363\000n\000\040\000d\000e\000\040\000p\000l\000a\000t\000a\000f\000o\000r\000m\000a}{chapter.2}% 23
\BOOKMARK [0][-]{chapter.3}{\376\377\000M\000o\000d\000e\000l\000o\000\040\000d\000e\000l\000\040\000N\000e\000g\000o\000c\000i\000o}{}% 24
\BOOKMARK [1][-]{section.3.1}{\376\377\000C\000o\000n\000t\000e\000x\000t\000o}{chapter.3}% 25
\BOOKMARK [1][-]{section.3.2}{\376\377\000T\000\351\000r\000m\000i\000n\000o\000s\000\040\000d\000e\000l\000\040\000N\000e\000g\000o\000c\000i\000o}{chapter.3}% 26
\BOOKMARK [1][-]{section.3.3}{\376\377\000M\000o\000d\000e\000l\000o\000\040\000d\000e\000l\000\040\000d\000o\000m\000i\000n\000i\000o\000\040\000d\000e\000l\000\040\000p\000r\000o\000b\000l\000e\000m\000a}{chapter.3}% 27
\BOOKMARK [2][-]{subsection.3.3.1}{\376\377\000E\000n\000t\000i\000d\000a\000d\000:\000\040\000P\000e\000r\000s\000o\000n\000a}{section.3.3}% 28
\BOOKMARK [2][-]{subsection.3.3.2}{\376\377\000E\000n\000t\000i\000d\000a\000d\000:\000\040\000P\000e\000r\000s\000o\000n\000a\000l}{section.3.3}% 29
\BOOKMARK [2][-]{subsection.3.3.3}{\376\377\000E\000n\000t\000i\000d\000a\000d\000:\000\040\000E\000q\000u\000i\000p\000o}{section.3.3}% 30
\BOOKMARK [2][-]{subsection.3.3.4}{\376\377\000E\000n\000t\000i\000d\000a\000d\000:\000\040\000E\000x\000p\000e\000d\000i\000e\000n\000t\000e}{section.3.3}% 31
\BOOKMARK [2][-]{subsection.3.3.5}{\376\377\000E\000n\000t\000i\000d\000a\000d\000:\000\040\000N\000N\000A}{section.3.3}% 32
\BOOKMARK [2][-]{subsection.3.3.6}{\376\377\000E\000n\000t\000i\000d\000a\000d\000:\000\040\000D\000o\000m\000i\000c\000i\000l\000i\000o}{section.3.3}% 33
\BOOKMARK [2][-]{subsection.3.3.7}{\376\377\000E\000n\000t\000i\000d\000a\000d\000:\000\040\000T\000u\000t\000o\000r}{section.3.3}% 34
\BOOKMARK [2][-]{subsection.3.3.8}{\376\377\000E\000n\000t\000i\000d\000a\000d\000:\000\040\000H\000e\000c\000h\000o\000V\000i\000c\000t\000i\000m\000a\000l}{section.3.3}% 35
\BOOKMARK [2][-]{subsection.3.3.9}{\376\377\000E\000n\000t\000i\000d\000a\000d\000:\000\040\000D\000o\000c\000u\000m\000e\000n\000t\000o}{section.3.3}% 36
\BOOKMARK [1][-]{section.3.4}{\376\377\000M\000o\000d\000e\000l\000a\000d\000o\000\040\000d\000e\000\040\000R\000e\000g\000l\000a\000s\000\040\000d\000e\000\040\000n\000e\000g\000o\000c\000i\000o}{chapter.3}% 37
\BOOKMARK [1][-]{section.3.5}{\376\377\000M\000\341\000q\000u\000i\000n\000a\000s\000\040\000d\000e\000\040\000e\000s\000t\000a\000d\000o}{chapter.3}% 38
\BOOKMARK [0][-]{chapter.4}{\376\377\000M\000o\000d\000e\000l\000o\000\040\000d\000i\000n\000\341\000m\000i\000c\000o}{}% 39
\BOOKMARK [1][-]{section.4.1}{\376\377\000D\000e\000s\000c\000r\000i\000p\000c\000i\000\363\000n\000\040\000d\000e\000\040\000a\000c\000t\000o\000r\000e\000s}{chapter.4}% 40
\BOOKMARK [2][-]{subsection.4.1.1}{\376\377\000D\000i\000r\000e\000c\000t\000o\000r\000\040\000G\000e\000n\000e\000r\000a\000l}{section.4.1}% 41
\BOOKMARK [2][-]{subsection.4.1.2}{\376\377\000C\000o\000o\000r\000d\000i\000n\000a\000d\000o\000r\000\040\000d\000e\000\040\000C\000a\000s\000o}{section.4.1}% 42
\BOOKMARK [2][-]{subsection.4.1.3}{\376\377\000P\000e\000r\000s\000o\000n\000a\000l\000\040\000E\000s\000p\000e\000c\000i\000a\000l\000i\000s\000t\000a\000\040\000\050\000M\000\351\000d\000i\000c\000o\000,\000\040\000P\000s\000i\000c\000\363\000l\000o\000g\000o\000,\000\040\000A\000b\000o\000g\000a\000d\000o\000,\000\040\000T\000S\000\051}{section.4.1}% 43
\BOOKMARK [1][-]{section.4.2}{\376\377\000C\000a\000s\000o\000s\000\040\000d\000e\000\040\000U\000s\000o}{chapter.4}% 44
\BOOKMARK [1][-]{section.4.3}{\376\377\000C\000U\000-\0000\0001\000\040\000C\000o\000n\000t\000r\000o\000l\000\040\000d\000e\000\040\000a\000c\000c\000e\000s\000o}{chapter.4}% 45
\BOOKMARK [2][-]{subsection.4.3.1}{\376\377\000D\000e\000s\000c\000r\000i\000p\000c\000i\000\363\000n\000\040\000c\000o\000m\000p\000l\000e\000t\000a}{section.4.3}% 46
\BOOKMARK [2][-]{subsection.4.3.2}{\376\377\000A\000t\000r\000i\000b\000u\000t\000o\000s\000\040\000i\000m\000p\000o\000r\000t\000a\000n\000t\000e\000s}{section.4.3}% 47
\BOOKMARK [2][-]{subsection.4.3.3}{\376\377\000T\000r\000a\000y\000e\000c\000t\000o\000r\000i\000a\000s\000\040\000d\000e\000l\000\040\000C\000a\000s\000o\000\040\000d\000e\000\040\000U\000s\000o}{section.4.3}% 48
\BOOKMARK [1][-]{section.4.4}{\376\377\000C\000U\000-\0000\0002\000\040\000G\000e\000s\000t\000i\000\363\000n\000\040\000d\000e\000\040\000u\000s\000u\000a\000r\000i\000o\000s\000\040\000y\000\040\000r\000o\000l\000e\000s}{chapter.4}% 49
\BOOKMARK [2][-]{subsection.4.4.1}{\376\377\000D\000e\000s\000c\000r\000i\000p\000c\000i\000\363\000n\000\040\000c\000o\000m\000p\000l\000e\000t\000a}{section.4.4}% 50
\BOOKMARK [2][-]{subsection.4.4.2}{\376\377\000A\000t\000r\000i\000b\000u\000t\000o\000s\000\040\000i\000m\000p\000o\000r\000t\000a\000n\000t\000e\000s}{section.4.4}% 51
\BOOKMARK [2][-]{subsection.4.4.3}{\376\377\000T\000r\000a\000y\000e\000c\000t\000o\000r\000i\000a\000s\000\040\000d\000e\000l\000\040\000C\000a\000s\000o\000\040\000d\000e\000\040\000U\000s\000o}{section.4.4}% 52
\BOOKMARK [1][-]{section.4.5}{\376\377\000C\000U\000-\0000\0003\000\040\000G\000e\000s\000t\000i\000\363\000n\000\040\000d\000e\000\040\000e\000x\000p\000e\000d\000i\000e\000n\000t\000e\000\040\000d\000e\000l\000\040\000N\000N\000A}{chapter.4}% 53
\BOOKMARK [2][-]{subsection.4.5.1}{\376\377\000D\000e\000s\000c\000r\000i\000p\000c\000i\000\363\000n\000\040\000c\000o\000m\000p\000l\000e\000t\000a}{section.4.5}% 54
\BOOKMARK [2][-]{subsection.4.5.2}{\376\377\000A\000t\000r\000i\000b\000u\000t\000o\000s\000\040\000i\000m\000p\000o\000r\000t\000a\000n\000t\000e\000s}{section.4.5}% 55
\BOOKMARK [2][-]{subsection.4.5.3}{\376\377\000T\000r\000a\000y\000e\000c\000t\000o\000r\000i\000a\000s\000\040\000d\000e\000l\000\040\000C\000a\000s\000o\000\040\000d\000e\000\040\000U\000s\000o}{section.4.5}% 56
\BOOKMARK [1][-]{section.4.6}{\376\377\000C\000U\000-\0000\0004\000\040\000A\000s\000i\000g\000n\000a\000c\000i\000\363\000n\000\040\000d\000e\000\040\000c\000a\000s\000o\000s}{chapter.4}% 57
\BOOKMARK [2][-]{subsection.4.6.1}{\376\377\000D\000e\000s\000c\000r\000i\000p\000c\000i\000\363\000n\000\040\000c\000o\000m\000p\000l\000e\000t\000a}{section.4.6}% 58
\BOOKMARK [2][-]{subsection.4.6.2}{\376\377\000A\000t\000r\000i\000b\000u\000t\000o\000s\000\040\000i\000m\000p\000o\000r\000t\000a\000n\000t\000e\000s}{section.4.6}% 59
\BOOKMARK [2][-]{subsection.4.6.3}{\376\377\000T\000r\000a\000y\000e\000c\000t\000o\000r\000i\000a\000s\000\040\000d\000e\000l\000\040\000C\000a\000s\000o\000\040\000d\000e\000\040\000U\000s\000o}{section.4.6}% 60
\BOOKMARK [1][-]{section.4.7}{\376\377\000C\000U\000-\0000\0005\000\040\000C\000r\000e\000a\000r\000\040\000e\000q\000u\000i\000p\000o\000\040\000d\000e\000\040\000t\000r\000a\000b\000a\000j\000o}{chapter.4}% 61
\BOOKMARK [2][-]{subsection.4.7.1}{\376\377\000D\000e\000s\000c\000r\000i\000p\000c\000i\000\363\000n\000\040\000c\000o\000m\000p\000l\000e\000t\000a}{section.4.7}% 62
\BOOKMARK [2][-]{subsection.4.7.2}{\376\377\000A\000t\000r\000i\000b\000u\000t\000o\000s\000\040\000i\000m\000p\000o\000r\000t\000a\000n\000t\000e\000s}{section.4.7}% 63
\BOOKMARK [2][-]{subsection.4.7.3}{\376\377\000T\000r\000a\000y\000e\000c\000t\000o\000r\000i\000a\000s\000\040\000d\000e\000l\000\040\000C\000a\000s\000o\000\040\000d\000e\000\040\000U\000s\000o}{section.4.7}% 64
\BOOKMARK [1][-]{section.4.8}{\376\377\000C\000U\000-\0000\0006\000\040\000G\000e\000s\000t\000i\000o\000n\000a\000r\000\040\000e\000q\000u\000i\000p\000o\000s\000\040\000d\000e\000\040\000t\000r\000a\000b\000a\000j\000o}{chapter.4}% 65
\BOOKMARK [2][-]{subsection.4.8.1}{\376\377\000D\000e\000s\000c\000r\000i\000p\000c\000i\000\363\000n\000\040\000c\000o\000m\000p\000l\000e\000t\000a}{section.4.8}% 66
\BOOKMARK [2][-]{subsection.4.8.2}{\376\377\000A\000t\000r\000i\000b\000u\000t\000o\000s\000\040\000i\000m\000p\000o\000r\000t\000a\000n\000t\000e\000s}{section.4.8}% 67
\BOOKMARK [2][-]{subsection.4.8.3}{\376\377\000T\000r\000a\000y\000e\000c\000t\000o\000r\000i\000a\000s\000\040\000d\000e\000l\000\040\000C\000a\000s\000o\000\040\000d\000e\000\040\000U\000s\000o}{section.4.8}% 68
\BOOKMARK [1][-]{section.4.9}{\376\377\000C\000U\000-\0000\0007\000\040\000C\000o\000n\000s\000u\000l\000t\000a\000r\000\040\000p\000e\000r\000f\000i\000l\000\040\000y\000\040\000d\000a\000t\000o\000s\000\040\000d\000e\000\040\000c\000u\000e\000n\000t\000a}{chapter.4}% 69
\BOOKMARK [2][-]{subsection.4.9.1}{\376\377\000D\000e\000s\000c\000r\000i\000p\000c\000i\000\363\000n\000\040\000c\000o\000m\000p\000l\000e\000t\000a}{section.4.9}% 70
\BOOKMARK [2][-]{subsection.4.9.2}{\376\377\000A\000t\000r\000i\000b\000u\000t\000o\000s\000\040\000i\000m\000p\000o\000r\000t\000a\000n\000t\000e\000s}{section.4.9}% 71
\BOOKMARK [2][-]{subsection.4.9.3}{\376\377\000T\000r\000a\000y\000e\000c\000t\000o\000r\000i\000a\000s\000\040\000d\000e\000l\000\040\000C\000a\000s\000o\000\040\000d\000e\000\040\000U\000s\000o}{section.4.9}% 72
\BOOKMARK [1][-]{section.4.10}{\376\377\000C\000U\000-\0000\0008\000\040\000C\000a\000p\000t\000u\000r\000a\000r\000\040\000v\000a\000l\000o\000r\000a\000c\000i\000\363\000n\000\040\000d\000e\000l\000\040\000E\000s\000p\000e\000c\000i\000a\000l\000i\000s\000t\000a}{chapter.4}% 73
\BOOKMARK [2][-]{subsection.4.10.1}{\376\377\000D\000e\000s\000c\000r\000i\000p\000c\000i\000\363\000n\000\040\000c\000o\000m\000p\000l\000e\000t\000a}{section.4.10}% 74
\BOOKMARK [2][-]{subsection.4.10.2}{\376\377\000A\000t\000r\000i\000b\000u\000t\000o\000s\000\040\000i\000m\000p\000o\000r\000t\000a\000n\000t\000e\000s}{section.4.10}% 75
\BOOKMARK [2][-]{subsection.4.10.3}{\376\377\000T\000r\000a\000y\000e\000c\000t\000o\000r\000i\000a\000s\000\040\000d\000e\000l\000\040\000C\000a\000s\000o\000\040\000d\000e\000\040\000U\000s\000o}{section.4.10}% 76
\BOOKMARK [1][-]{section.4.11}{\376\377\000C\000U\000-\0000\0009\000\040\000G\000e\000s\000t\000i\000\363\000n\000\040\000d\000e\000\040\000p\000e\000r\000s\000o\000n\000a\000l\000\040\000p\000o\000r\000\040\000C\000o\000o\000r\000d\000i\000n\000a\000d\000o\000r}{chapter.4}% 77
\BOOKMARK [2][-]{subsection.4.11.1}{\376\377\000D\000e\000s\000c\000r\000i\000p\000c\000i\000\363\000n\000\040\000c\000o\000m\000p\000l\000e\000t\000a}{section.4.11}% 78
\BOOKMARK [2][-]{subsection.4.11.2}{\376\377\000A\000t\000r\000i\000b\000u\000t\000o\000s\000\040\000i\000m\000p\000o\000r\000t\000a\000n\000t\000e\000s}{section.4.11}% 79
\BOOKMARK [2][-]{subsection.4.11.3}{\376\377\000T\000r\000a\000y\000e\000c\000t\000o\000r\000i\000a\000s\000\040\000d\000e\000l\000\040\000C\000a\000s\000o\000\040\000d\000e\000\040\000U\000s\000o}{section.4.11}% 80
\BOOKMARK [1][-]{section.4.12}{\376\377\000C\000U\000-\0001\0000\000\040\000R\000e\000g\000i\000s\000t\000r\000a\000r\000\040\000h\000e\000c\000h\000o\000\040\000v\000i\000c\000t\000i\000m\000a\000l}{chapter.4}% 81
\BOOKMARK [2][-]{subsection.4.12.1}{\376\377\000D\000e\000s\000c\000r\000i\000p\000c\000i\000\363\000n\000\040\000c\000o\000m\000p\000l\000e\000t\000a}{section.4.12}% 82
\BOOKMARK [2][-]{subsection.4.12.2}{\376\377\000A\000t\000r\000i\000b\000u\000t\000o\000s\000\040\000i\000m\000p\000o\000r\000t\000a\000n\000t\000e\000s}{section.4.12}% 83
\BOOKMARK [2][-]{subsection.4.12.3}{\376\377\000T\000r\000a\000y\000e\000c\000t\000o\000r\000i\000a\000s\000\040\000d\000e\000l\000\040\000C\000a\000s\000o\000\040\000d\000e\000\040\000U\000s\000o}{section.4.12}% 84
\BOOKMARK [1][-]{section.4.13}{\376\377\000C\000U\000-\0001\0001\000\040\000R\000e\000g\000i\000s\000t\000r\000a\000r\000\040\000C\000u\000i\000d\000a\000d\000o\000r\000\040\000/\000\040\000T\000u\000t\000o\000r}{chapter.4}% 85
\BOOKMARK [2][-]{subsection.4.13.1}{\376\377\000D\000e\000s\000c\000r\000i\000p\000c\000i\000\363\000n\000\040\000c\000o\000m\000p\000l\000e\000t\000a}{section.4.13}% 86
\BOOKMARK [2][-]{subsection.4.13.2}{\376\377\000A\000t\000r\000i\000b\000u\000t\000o\000s\000\040\000i\000m\000p\000o\000r\000t\000a\000n\000t\000e\000s}{section.4.13}% 87
\BOOKMARK [2][-]{subsection.4.13.3}{\376\377\000T\000r\000a\000y\000e\000c\000t\000o\000r\000i\000a\000s\000\040\000d\000e\000l\000\040\000C\000a\000s\000o\000\040\000d\000e\000\040\000U\000s\000o}{section.4.13}% 88
\BOOKMARK [1][-]{section.4.14}{\376\377\000C\000U\000-\0001\0002\000\040\000R\000e\000g\000i\000s\000t\000r\000a\000r\000\040\000F\000a\000m\000i\000l\000i\000a\000r\000\040\000d\000e\000\040\000N\000N\000A}{chapter.4}% 89
\BOOKMARK [2][-]{subsection.4.14.1}{\376\377\000D\000e\000s\000c\000r\000i\000p\000c\000i\000\363\000n\000\040\000c\000o\000m\000p\000l\000e\000t\000a}{section.4.14}% 90
\BOOKMARK [2][-]{subsection.4.14.2}{\376\377\000A\000t\000r\000i\000b\000u\000t\000o\000s\000\040\000i\000m\000p\000o\000r\000t\000a\000n\000t\000e\000s}{section.4.14}% 91
\BOOKMARK [2][-]{subsection.4.14.3}{\376\377\000T\000r\000a\000y\000e\000c\000t\000o\000r\000i\000a\000s\000\040\000d\000e\000l\000\040\000C\000a\000s\000o\000\040\000d\000e\000\040\000U\000s\000o}{section.4.14}% 92
\BOOKMARK [1][-]{section.4.15}{\376\377\000C\000U\000-\0001\0003\000\040\000C\000o\000n\000s\000u\000l\000t\000a\000r\000\040\000A\000l\000e\000r\000t\000a\000s\000\040\000y\000\040\000N\000o\000t\000i\000f\000i\000c\000a\000c\000i\000o\000n\000e\000s}{chapter.4}% 93
\BOOKMARK [2][-]{subsection.4.15.1}{\376\377\000D\000e\000s\000c\000r\000i\000p\000c\000i\000\363\000n\000\040\000c\000o\000m\000p\000l\000e\000t\000a}{section.4.15}% 94
\BOOKMARK [2][-]{subsection.4.15.2}{\376\377\000A\000t\000r\000i\000b\000u\000t\000o\000s\000\040\000i\000m\000p\000o\000r\000t\000a\000n\000t\000e\000s}{section.4.15}% 95
\BOOKMARK [2][-]{subsection.4.15.3}{\376\377\000T\000r\000a\000y\000e\000c\000t\000o\000r\000i\000a\000s\000\040\000d\000e\000l\000\040\000C\000a\000s\000o\000\040\000d\000e\000\040\000U\000s\000o}{section.4.15}% 96
\BOOKMARK [1][-]{section.4.16}{\376\377\000C\000U\000-\0001\0004\000\040\000E\000l\000a\000b\000o\000r\000a\000r\000\040\000y\000\040\000a\000p\000r\000o\000b\000a\000r\000\040\000e\000l\000\040\000P\000l\000a\000n\000\040\000d\000e\000\040\000R\000e\000s\000t\000i\000t\000u\000c\000i\000\363\000n\000\040\000d\000e\000\040\000D\000e\000r\000e\000c\000h\000o\000s\000\040\000\050\000P\000R\000D\000\051}{chapter.4}% 97
\BOOKMARK [2][-]{subsection.4.16.1}{\376\377\000D\000e\000s\000c\000r\000i\000p\000c\000i\000\363\000n\000\040\000c\000o\000m\000p\000l\000e\000t\000a}{section.4.16}% 98
\BOOKMARK [2][-]{subsection.4.16.2}{\376\377\000A\000t\000r\000i\000b\000u\000t\000o\000s\000\040\000i\000m\000p\000o\000r\000t\000a\000n\000t\000e\000s}{section.4.16}% 99
\BOOKMARK [2][-]{subsection.4.16.3}{\376\377\000T\000r\000a\000y\000e\000c\000t\000o\000r\000i\000a\000s\000\040\000d\000e\000l\000\040\000C\000a\000s\000o\000\040\000d\000e\000\040\000U\000s\000o}{section.4.16}% 100
\BOOKMARK [1][-]{section.4.17}{\376\377\000C\000U\000-\0001\0005\000\040\000R\000e\000g\000i\000s\000t\000r\000a\000r\000\040\000s\000e\000g\000u\000i\000m\000i\000e\000n\000t\000o\000\040\000d\000e\000\040\000m\000e\000d\000i\000d\000a\000s\000\040\000d\000e\000\040\000p\000r\000o\000t\000e\000c\000c\000i\000\363\000n}{chapter.4}% 101
\BOOKMARK [2][-]{subsection.4.17.1}{\376\377\000D\000e\000s\000c\000r\000i\000p\000c\000i\000\363\000n\000\040\000c\000o\000m\000p\000l\000e\000t\000a}{section.4.17}% 102
\BOOKMARK [2][-]{subsection.4.17.2}{\376\377\000A\000t\000r\000i\000b\000u\000t\000o\000s\000\040\000i\000m\000p\000o\000r\000t\000a\000n\000t\000e\000s}{section.4.17}% 103
\BOOKMARK [2][-]{subsection.4.17.3}{\376\377\000T\000r\000a\000y\000e\000c\000t\000o\000r\000i\000a\000s\000\040\000d\000e\000l\000\040\000C\000a\000s\000o\000\040\000d\000e\000\040\000U\000s\000o}{section.4.17}% 104
\BOOKMARK [1][-]{section.4.18}{\376\377\000C\000U\000-\0001\0006\000\040\000C\000a\000p\000t\000u\000r\000a\000r\000\040\000f\000i\000c\000h\000a\000\040\000d\000e\000\040\000v\000e\000r\000i\000f\000i\000c\000a\000c\000i\000\363\000n\000\040\000d\000e\000l\000\040\000c\000u\000m\000p\000l\000i\000m\000i\000e\000n\000t\000o\000\040\000d\000e\000\040\000d\000e\000r\000e\000c\000h\000o\000s}{chapter.4}% 105
\BOOKMARK [2][-]{subsection.4.18.1}{\376\377\000D\000e\000s\000c\000r\000i\000p\000c\000i\000\363\000n\000\040\000c\000o\000m\000p\000l\000e\000t\000a}{section.4.18}% 106
\BOOKMARK [2][-]{subsection.4.18.2}{\376\377\000A\000t\000r\000i\000b\000u\000t\000o\000s\000\040\000i\000m\000p\000o\000r\000t\000a\000n\000t\000e\000s}{section.4.18}% 107
\BOOKMARK [2][-]{subsection.4.18.3}{\376\377\000T\000r\000a\000y\000e\000c\000t\000o\000r\000i\000a\000s\000\040\000d\000e\000l\000\040\000C\000a\000s\000o\000\040\000d\000e\000\040\000U\000s\000o}{section.4.18}% 108
\BOOKMARK [1][-]{section.4.19}{\376\377\000C\000U\000-\0001\0007\000\040\000R\000e\000g\000i\000s\000t\000r\000a\000r\000\040\000d\000e\000t\000e\000c\000c\000i\000\363\000n\000\040\000i\000n\000i\000c\000i\000a\000l\000\040\000d\000e\000\040\000c\000a\000s\000o}{chapter.4}% 109
\BOOKMARK [2][-]{subsection.4.19.1}{\376\377\000D\000e\000s\000c\000r\000i\000p\000c\000i\000\363\000n\000\040\000c\000o\000m\000p\000l\000e\000t\000a}{section.4.19}% 110
\BOOKMARK [2][-]{subsection.4.19.2}{\376\377\000A\000t\000r\000i\000b\000u\000t\000o\000s\000\040\000i\000m\000p\000o\000r\000t\000a\000n\000t\000e\000s}{section.4.19}% 111
\BOOKMARK [2][-]{subsection.4.19.3}{\376\377\000T\000r\000a\000y\000e\000c\000t\000o\000r\000i\000a\000s\000\040\000d\000e\000l\000\040\000C\000a\000s\000o\000\040\000d\000e\000\040\000U\000s\000o}{section.4.19}% 112
\BOOKMARK [1][-]{section.4.20}{\376\377\000C\000U\000-\0001\0008\000\040\000C\000e\000r\000r\000a\000r\000\040\000e\000x\000p\000e\000d\000i\000e\000n\000t\000e\000\040\000d\000e\000l\000\040\000N\000N\000A}{chapter.4}% 113
\BOOKMARK [2][-]{subsection.4.20.1}{\376\377\000D\000e\000s\000c\000r\000i\000p\000c\000i\000\363\000n\000\040\000c\000o\000m\000p\000l\000e\000t\000a}{section.4.20}% 114
\BOOKMARK [2][-]{subsection.4.20.2}{\376\377\000A\000t\000r\000i\000b\000u\000t\000o\000s\000\040\000i\000m\000p\000o\000r\000t\000a\000n\000t\000e\000s}{section.4.20}% 115
\BOOKMARK [2][-]{subsection.4.20.3}{\376\377\000T\000r\000a\000y\000e\000c\000t\000o\000r\000i\000a\000s\000\040\000d\000e\000l\000\040\000C\000a\000s\000o\000\040\000d\000e\000\040\000U\000s\000o}{section.4.20}% 116
\BOOKMARK [1][-]{section.4.21}{\376\377\000C\000U\000-\0001\0009\000\040\000R\000e\000c\000u\000p\000e\000r\000a\000r\000\040\000c\000o\000n\000t\000r\000a\000s\000e\000\361\000a}{chapter.4}% 117
\BOOKMARK [2][-]{subsection.4.21.1}{\376\377\000D\000e\000s\000c\000r\000i\000p\000c\000i\000\363\000n\000\040\000c\000o\000m\000p\000l\000e\000t\000a}{section.4.21}% 118
\BOOKMARK [2][-]{subsection.4.21.2}{\376\377\000A\000t\000r\000i\000b\000u\000t\000o\000s\000\040\000i\000m\000p\000o\000r\000t\000a\000n\000t\000e\000s}{section.4.21}% 119
\BOOKMARK [2][-]{subsection.4.21.3}{\376\377\000T\000r\000a\000y\000e\000c\000t\000o\000r\000i\000a\000s\000\040\000d\000e\000l\000\040\000C\000a\000s\000o\000\040\000d\000e\000\040\000U\000s\000o}{section.4.21}% 120
\BOOKMARK [1][-]{section.4.22}{\376\377\000C\000U\000-\0002\0000\000\040\000C\000a\000m\000b\000i\000a\000r\000\040\000c\000o\000n\000t\000r\000a\000s\000e\000\361\000a}{chapter.4}% 121
\BOOKMARK [2][-]{subsection.4.22.1}{\376\377\000D\000e\000s\000c\000r\000i\000p\000c\000i\000\363\000n\000\040\000c\000o\000m\000p\000l\000e\000t\000a}{section.4.22}% 122
\BOOKMARK [2][-]{subsection.4.22.2}{\376\377\000A\000t\000r\000i\000b\000u\000t\000o\000s\000\040\000i\000m\000p\000o\000r\000t\000a\000n\000t\000e\000s}{section.4.22}% 123
\BOOKMARK [2][-]{subsection.4.22.3}{\376\377\000T\000r\000a\000y\000e\000c\000t\000o\000r\000i\000a\000s\000\040\000d\000e\000l\000\040\000C\000a\000s\000o\000\040\000d\000e\000\040\000U\000s\000o}{section.4.22}% 124
\BOOKMARK [1][-]{section.4.23}{\376\377\000C\000U\000-\0002\0001\000\040\000B\000u\000s\000c\000a\000r\000\040\000y\000\040\000f\000i\000l\000t\000r\000a\000r\000\040\000e\000x\000p\000e\000d\000i\000e\000n\000t\000e\000s}{chapter.4}% 125
\BOOKMARK [2][-]{subsection.4.23.1}{\376\377\000D\000e\000s\000c\000r\000i\000p\000c\000i\000\363\000n\000\040\000c\000o\000m\000p\000l\000e\000t\000a}{section.4.23}% 126
\BOOKMARK [2][-]{subsection.4.23.2}{\376\377\000A\000t\000r\000i\000b\000u\000t\000o\000s\000\040\000i\000m\000p\000o\000r\000t\000a\000n\000t\000e\000s}{section.4.23}% 127
\BOOKMARK [2][-]{subsection.4.23.3}{\376\377\000T\000r\000a\000y\000e\000c\000t\000o\000r\000i\000a\000s\000\040\000d\000e\000l\000\040\000C\000a\000s\000o\000\040\000d\000e\000\040\000U\000s\000o}{section.4.23}% 128
\BOOKMARK [1][-]{section.4.24}{\376\377\000C\000U\000-\0002\0002\000\040\000R\000e\000g\000i\000s\000t\000r\000a\000r\000\040\000d\000a\000t\000o\000s\000\040\000m\000\351\000d\000i\000c\000o\000s\000\040\000d\000e\000l\000\040\000N\000N\000A}{chapter.4}% 129
\BOOKMARK [2][-]{subsection.4.24.1}{\376\377\000D\000e\000s\000c\000r\000i\000p\000c\000i\000\363\000n\000\040\000c\000o\000m\000p\000l\000e\000t\000a}{section.4.24}% 130
\BOOKMARK [2][-]{subsection.4.24.2}{\376\377\000A\000t\000r\000i\000b\000u\000t\000o\000s\000\040\000i\000m\000p\000o\000r\000t\000a\000n\000t\000e\000s}{section.4.24}% 131
\BOOKMARK [2][-]{subsection.4.24.3}{\376\377\000T\000r\000a\000y\000e\000c\000t\000o\000r\000i\000a\000s\000\040\000d\000e\000l\000\040\000C\000a\000s\000o\000\040\000d\000e\000\040\000U\000s\000o}{section.4.24}% 132
\BOOKMARK [1][-]{section.4.25}{\376\377\000C\000U\000-\0002\0003\000\040\000R\000e\000g\000i\000s\000t\000r\000a\000r\000\040\000v\000a\000l\000o\000r\000a\000c\000i\000\363\000n\000\040\000p\000s\000i\000c\000o\000l\000\363\000g\000i\000c\000a}{chapter.4}% 133
\BOOKMARK [2][-]{subsection.4.25.1}{\376\377\000D\000e\000s\000c\000r\000i\000p\000c\000i\000\363\000n\000\040\000c\000o\000m\000p\000l\000e\000t\000a}{section.4.25}% 134
\BOOKMARK [2][-]{subsection.4.25.2}{\376\377\000A\000t\000r\000i\000b\000u\000t\000o\000s\000\040\000i\000m\000p\000o\000r\000t\000a\000n\000t\000e\000s}{section.4.25}% 135
\BOOKMARK [2][-]{subsection.4.25.3}{\376\377\000T\000r\000a\000y\000e\000c\000t\000o\000r\000i\000a\000s\000\040\000d\000e\000l\000\040\000C\000a\000s\000o\000\040\000d\000e\000\040\000U\000s\000o}{section.4.25}% 136
\BOOKMARK [1][-]{section.4.26}{\376\377\000C\000U\000-\0002\0004\000\040\000R\000e\000g\000i\000s\000t\000r\000a\000r\000\040\000v\000a\000l\000o\000r\000a\000c\000i\000\363\000n\000\040\000j\000u\000r\000\355\000d\000i\000c\000a}{chapter.4}% 137
\BOOKMARK [2][-]{subsection.4.26.1}{\376\377\000D\000e\000s\000c\000r\000i\000p\000c\000i\000\363\000n\000\040\000c\000o\000m\000p\000l\000e\000t\000a}{section.4.26}% 138
\BOOKMARK [2][-]{subsection.4.26.2}{\376\377\000A\000t\000r\000i\000b\000u\000t\000o\000s\000\040\000i\000m\000p\000o\000r\000t\000a\000n\000t\000e\000s}{section.4.26}% 139
\BOOKMARK [2][-]{subsection.4.26.3}{\376\377\000T\000r\000a\000y\000e\000c\000t\000o\000r\000i\000a\000s\000\040\000d\000e\000l\000\040\000C\000a\000s\000o\000\040\000d\000e\000\040\000U\000s\000o}{section.4.26}% 140
\BOOKMARK [1][-]{section.4.27}{\376\377\000C\000U\000-\0002\0005\000\040\000R\000e\000g\000i\000s\000t\000r\000a\000r\000\040\000v\000a\000l\000o\000r\000a\000c\000i\000\363\000n\000\040\000s\000o\000c\000i\000o\000f\000a\000m\000i\000l\000i\000a\000r}{chapter.4}% 141
\BOOKMARK [2][-]{subsection.4.27.1}{\376\377\000D\000e\000s\000c\000r\000i\000p\000c\000i\000\363\000n\000\040\000c\000o\000m\000p\000l\000e\000t\000a}{section.4.27}% 142
\BOOKMARK [2][-]{subsection.4.27.2}{\376\377\000A\000t\000r\000i\000b\000u\000t\000o\000s\000\040\000i\000m\000p\000o\000r\000t\000a\000n\000t\000e\000s}{section.4.27}% 143
\BOOKMARK [2][-]{subsection.4.27.3}{\376\377\000T\000r\000a\000y\000e\000c\000t\000o\000r\000i\000a\000s\000\040\000d\000e\000l\000\040\000C\000a\000s\000o\000\040\000d\000e\000\040\000U\000s\000o}{section.4.27}% 144
\BOOKMARK [1][-]{section.4.28}{\376\377\000C\000U\000-\0002\0006\000\040\000R\000e\000g\000i\000s\000t\000r\000a\000r\000\040\000o\000b\000s\000e\000r\000v\000a\000c\000i\000o\000n\000e\000s\000\040\000d\000e\000\040\000l\000a\000\040\000e\000n\000t\000r\000e\000v\000i\000s\000t\000a\000\040\000c\000o\000n\000\040\000e\000l\000\040\000N\000N\000A}{chapter.4}% 145
\BOOKMARK [2][-]{subsection.4.28.1}{\376\377\000D\000e\000s\000c\000r\000i\000p\000c\000i\000\363\000n\000\040\000c\000o\000m\000p\000l\000e\000t\000a}{section.4.28}% 146
\BOOKMARK [2][-]{subsection.4.28.2}{\376\377\000A\000t\000r\000i\000b\000u\000t\000o\000s\000\040\000i\000m\000p\000o\000r\000t\000a\000n\000t\000e\000s}{section.4.28}% 147
\BOOKMARK [2][-]{subsection.4.28.3}{\376\377\000T\000r\000a\000y\000e\000c\000t\000o\000r\000i\000a\000s\000\040\000d\000e\000l\000\040\000C\000a\000s\000o\000\040\000d\000e\000\040\000U\000s\000o}{section.4.28}% 148
\BOOKMARK [1][-]{section.4.29}{\376\377\000C\000U\000-\0002\0007\000\040\000R\000e\000g\000i\000s\000t\000r\000a\000r\000\040\000f\000a\000m\000i\000l\000i\000o\000g\000r\000a\000m\000a\000\040\000d\000e\000l\000\040\000N\000N\000A}{chapter.4}% 149
\BOOKMARK [2][-]{subsection.4.29.1}{\376\377\000D\000e\000s\000c\000r\000i\000p\000c\000i\000\363\000n\000\040\000c\000o\000m\000p\000l\000e\000t\000a}{section.4.29}% 150
\BOOKMARK [2][-]{subsection.4.29.2}{\376\377\000A\000t\000r\000i\000b\000u\000t\000o\000s\000\040\000i\000m\000p\000o\000r\000t\000a\000n\000t\000e\000s}{section.4.29}% 151
\BOOKMARK [2][-]{subsection.4.29.3}{\376\377\000T\000r\000a\000y\000e\000c\000t\000o\000r\000i\000a\000s\000\040\000d\000e\000l\000\040\000C\000a\000s\000o\000\040\000d\000e\000\040\000U\000s\000o}{section.4.29}% 152
\BOOKMARK [1][-]{section.4.30}{\376\377\000C\000U\000-\0002\0008\000\040\000R\000e\000g\000i\000s\000t\000r\000a\000r\000\040\000d\000i\000a\000g\000n\000\363\000s\000t\000i\000c\000o\000\040\000d\000e\000\040\000g\000r\000a\000d\000o\000\040\000d\000e\000\040\000p\000e\000l\000i\000g\000r\000o\000\040\000y\000\040\000c\000o\000e\000r\000c\000i\000\363\000n}{chapter.4}% 153
\BOOKMARK [2][-]{subsection.4.30.1}{\376\377\000D\000e\000s\000c\000r\000i\000p\000c\000i\000\363\000n\000\040\000c\000o\000m\000p\000l\000e\000t\000a}{section.4.30}% 154
\BOOKMARK [2][-]{subsection.4.30.2}{\376\377\000A\000t\000r\000i\000b\000u\000t\000o\000s\000\040\000i\000m\000p\000o\000r\000t\000a\000n\000t\000e\000s}{section.4.30}% 155
\BOOKMARK [2][-]{subsection.4.30.3}{\376\377\000T\000r\000a\000y\000e\000c\000t\000o\000r\000i\000a\000s\000\040\000d\000e\000l\000\040\000C\000a\000s\000o\000\040\000d\000e\000\040\000U\000s\000o}{section.4.30}% 156
\BOOKMARK [1][-]{section.4.31}{\376\377\000C\000U\000-\0002\0009\000\040\000R\000e\000g\000i\000s\000t\000r\000a\000r\000\040\000m\000e\000d\000i\000d\000a\000s\000\040\000u\000r\000g\000e\000n\000t\000e\000s\000\040\000d\000e\000\040\000p\000r\000o\000t\000e\000c\000c\000i\000\363\000n}{chapter.4}% 157
\BOOKMARK [2][-]{subsection.4.31.1}{\376\377\000D\000e\000s\000c\000r\000i\000p\000c\000i\000\363\000n\000\040\000c\000o\000m\000p\000l\000e\000t\000a}{section.4.31}% 158
\BOOKMARK [2][-]{subsection.4.31.2}{\376\377\000A\000t\000r\000i\000b\000u\000t\000o\000s\000\040\000i\000m\000p\000o\000r\000t\000a\000n\000t\000e\000s}{section.4.31}% 159
\BOOKMARK [2][-]{subsection.4.31.3}{\376\377\000T\000r\000a\000y\000e\000c\000t\000o\000r\000i\000a\000s\000\040\000d\000e\000l\000\040\000C\000a\000s\000o\000\040\000d\000e\000\040\000U\000s\000o}{section.4.31}% 160
\BOOKMARK [1][-]{section.4.32}{\376\377\000C\000U\000-\0003\0000\000\040\000R\000e\000g\000i\000s\000t\000r\000a\000r\000\040\000i\000d\000i\000o\000m\000a\000s\000\040\000d\000e\000l\000\040\000N\000N\000A\000\040\000y\000\040\000d\000e\000l\000\040\000t\000u\000t\000o\000r}{chapter.4}% 161
\BOOKMARK [2][-]{subsection.4.32.1}{\376\377\000D\000e\000s\000c\000r\000i\000p\000c\000i\000\363\000n\000\040\000c\000o\000m\000p\000l\000e\000t\000a}{section.4.32}% 162
\BOOKMARK [2][-]{subsection.4.32.2}{\376\377\000A\000t\000r\000i\000b\000u\000t\000o\000s\000\040\000i\000m\000p\000o\000r\000t\000a\000n\000t\000e\000s}{section.4.32}% 163
\BOOKMARK [2][-]{subsection.4.32.3}{\376\377\000T\000r\000a\000y\000e\000c\000t\000o\000r\000i\000a\000s\000\040\000d\000e\000l\000\040\000C\000a\000s\000o\000\040\000d\000e\000\040\000U\000s\000o}{section.4.32}% 164
\BOOKMARK [1][-]{section.4.33}{\376\377\000C\000U\000-\0003\0001\000\040\000R\000e\000g\000i\000s\000t\000r\000a\000r\000\040\000d\000o\000m\000i\000c\000i\000l\000i\000o\000\040\000c\000o\000n\000\040\000v\000a\000l\000i\000d\000a\000c\000i\000\363\000n\000\040\000S\000E\000P\000O\000M\000E\000X}{chapter.4}% 165
\BOOKMARK [2][-]{subsection.4.33.1}{\376\377\000D\000e\000s\000c\000r\000i\000p\000c\000i\000\363\000n\000\040\000c\000o\000m\000p\000l\000e\000t\000a}{section.4.33}% 166
\BOOKMARK [2][-]{subsection.4.33.2}{\376\377\000A\000t\000r\000i\000b\000u\000t\000o\000s\000\040\000i\000m\000p\000o\000r\000t\000a\000n\000t\000e\000s}{section.4.33}% 167
\BOOKMARK [2][-]{subsection.4.33.3}{\376\377\000T\000r\000a\000y\000e\000c\000t\000o\000r\000i\000a\000s\000\040\000d\000e\000l\000\040\000C\000a\000s\000o\000\040\000d\000e\000\040\000U\000s\000o}{section.4.33}% 168
\BOOKMARK [1][-]{section.4.34}{\376\377\000C\000U\000-\0003\0002\000\040\000G\000e\000s\000t\000i\000o\000n\000a\000r\000\040\000c\000a\000t\000\341\000l\000o\000g\000o\000\040\000d\000e\000\040\000a\000c\000t\000o\000r\000e\000s\000\040\000e\000n\000\040\000m\000a\000t\000e\000r\000i\000a\000\040\000d\000e\000\040\000d\000e\000r\000e\000c\000h\000o\000s}{chapter.4}% 169
\BOOKMARK [2][-]{subsection.4.34.1}{\376\377\000D\000e\000s\000c\000r\000i\000p\000c\000i\000\363\000n\000\040\000c\000o\000m\000p\000l\000e\000t\000a}{section.4.34}% 170
\BOOKMARK [2][-]{subsection.4.34.2}{\376\377\000A\000t\000r\000i\000b\000u\000t\000o\000s\000\040\000i\000m\000p\000o\000r\000t\000a\000n\000t\000e\000s}{section.4.34}% 171
\BOOKMARK [2][-]{subsection.4.34.3}{\376\377\000T\000r\000a\000y\000e\000c\000t\000o\000r\000i\000a\000s\000\040\000d\000e\000l\000\040\000C\000a\000s\000o\000\040\000d\000e\000\040\000U\000s\000o}{section.4.34}% 172
\BOOKMARK [1][-]{section.4.35}{\376\377\000C\000U\000-\0003\0003\000\040\000R\000e\000g\000i\000s\000t\000r\000a\000r\000\040\000s\000e\000r\000v\000i\000c\000i\000o\000s\000\040\000d\000e\000l\000\040\000a\000c\000t\000o\000r\000\040\000e\000n\000\040\000m\000a\000t\000e\000r\000i\000a\000\040\000d\000e\000\040\000d\000e\000r\000e\000c\000h\000o\000s}{chapter.4}% 173
\BOOKMARK [2][-]{subsection.4.35.1}{\376\377\000D\000e\000s\000c\000r\000i\000p\000c\000i\000\363\000n\000\040\000c\000o\000m\000p\000l\000e\000t\000a}{section.4.35}% 174
\BOOKMARK [2][-]{subsection.4.35.2}{\376\377\000A\000t\000r\000i\000b\000u\000t\000o\000s\000\040\000i\000m\000p\000o\000r\000t\000a\000n\000t\000e\000s}{section.4.35}% 175
\BOOKMARK [2][-]{subsection.4.35.3}{\376\377\000T\000r\000a\000y\000e\000c\000t\000o\000r\000i\000a\000s\000\040\000d\000e\000l\000\040\000C\000a\000s\000o\000\040\000d\000e\000\040\000U\000s\000o}{section.4.35}% 176
\BOOKMARK [1][-]{section.4.36}{\376\377\000C\000U\000-\0003\0004\000\040\000C\000o\000n\000s\000u\000l\000t\000a\000r\000\040\000c\000a\000t\000\341\000l\000o\000g\000o\000\040\000d\000e\000\040\000a\000c\000t\000o\000r\000e\000s\000\040\000e\000n\000\040\000m\000a\000t\000e\000r\000i\000a\000\040\000d\000e\000\040\000d\000e\000r\000e\000c\000h\000o\000s}{chapter.4}% 177
\BOOKMARK [2][-]{subsection.4.36.1}{\376\377\000D\000e\000s\000c\000r\000i\000p\000c\000i\000\363\000n\000\040\000c\000o\000m\000p\000l\000e\000t\000a}{section.4.36}% 178
\BOOKMARK [2][-]{subsection.4.36.2}{\376\377\000A\000t\000r\000i\000b\000u\000t\000o\000s\000\040\000i\000m\000p\000o\000r\000t\000a\000n\000t\000e\000s}{section.4.36}% 179
\BOOKMARK [2][-]{subsection.4.36.3}{\376\377\000T\000r\000a\000y\000e\000c\000t\000o\000r\000i\000a\000s\000\040\000d\000e\000l\000\040\000C\000a\000s\000o\000\040\000d\000e\000\040\000U\000s\000o}{section.4.36}% 180
\BOOKMARK [1][-]{section.4.37}{\376\377\000C\000U\000-\0003\0005\000\040\000R\000e\000g\000i\000s\000t\000r\000a\000r\000\040\000c\000o\000n\000t\000a\000c\000t\000o\000s\000\040\000d\000e\000l\000\040\000a\000c\000t\000o\000r\000\040\000e\000n\000\040\000m\000a\000t\000e\000r\000i\000a\000\040\000d\000e\000\040\000d\000e\000r\000e\000c\000h\000o\000s}{chapter.4}% 181
\BOOKMARK [2][-]{subsection.4.37.1}{\376\377\000D\000e\000s\000c\000r\000i\000p\000c\000i\000\363\000n\000\040\000c\000o\000m\000p\000l\000e\000t\000a}{section.4.37}% 182
\BOOKMARK [2][-]{subsection.4.37.2}{\376\377\000A\000t\000r\000i\000b\000u\000t\000o\000s\000\040\000i\000m\000p\000o\000r\000t\000a\000n\000t\000e\000s}{section.4.37}% 183
\BOOKMARK [2][-]{subsection.4.37.3}{\376\377\000T\000r\000a\000y\000e\000c\000t\000o\000r\000i\000a\000s\000\040\000d\000e\000l\000\040\000C\000a\000s\000o\000\040\000d\000e\000\040\000U\000s\000o}{section.4.37}% 184
\BOOKMARK [1][-]{section.4.38}{\376\377\000C\000U\000-\0003\0006\000\040\000V\000i\000n\000c\000u\000l\000a\000r\000\040\000a\000c\000t\000o\000r\000\040\000a\000\040\000m\000e\000d\000i\000d\000a\000\040\000d\000e\000l\000\040\000P\000R\000D}{chapter.4}% 185
\BOOKMARK [2][-]{subsection.4.38.1}{\376\377\000D\000e\000s\000c\000r\000i\000p\000c\000i\000\363\000n\000\040\000c\000o\000m\000p\000l\000e\000t\000a}{section.4.38}% 186
\BOOKMARK [2][-]{subsection.4.38.2}{\376\377\000A\000t\000r\000i\000b\000u\000t\000o\000s\000\040\000i\000m\000p\000o\000r\000t\000a\000n\000t\000e\000s}{section.4.38}% 187
\BOOKMARK [2][-]{subsection.4.38.3}{\376\377\000T\000r\000a\000y\000e\000c\000t\000o\000r\000i\000a\000s\000\040\000d\000e\000l\000\040\000C\000a\000s\000o\000\040\000d\000e\000\040\000U\000s\000o}{section.4.38}% 188
\BOOKMARK [1][-]{section.4.39}{\376\377\000C\000U\000-\0003\0007\000\040\000E\000x\000p\000o\000r\000t\000a\000r\000\040\000P\000R\000D\000\040\000e\000n\000\040\000P\000D\000F}{chapter.4}% 189
\BOOKMARK [2][-]{subsection.4.39.1}{\376\377\000D\000e\000s\000c\000r\000i\000p\000c\000i\000\363\000n\000\040\000c\000o\000m\000p\000l\000e\000t\000a}{section.4.39}% 190
\BOOKMARK [2][-]{subsection.4.39.2}{\376\377\000A\000t\000r\000i\000b\000u\000t\000o\000s\000\040\000i\000m\000p\000o\000r\000t\000a\000n\000t\000e\000s}{section.4.39}% 191
\BOOKMARK [2][-]{subsection.4.39.3}{\376\377\000T\000r\000a\000y\000e\000c\000t\000o\000r\000i\000a\000s\000\040\000d\000e\000l\000\040\000C\000a\000s\000o\000\040\000d\000e\000\040\000U\000s\000o}{section.4.39}% 192
\BOOKMARK [1][-]{section.4.40}{\376\377\000C\000U\000-\0003\0008\000\040\000C\000o\000n\000s\000u\000l\000t\000a\000r\000\040\000h\000i\000s\000t\000o\000r\000i\000a\000l\000\040\000d\000e\000l\000\040\000e\000x\000p\000e\000d\000i\000e\000n\000t\000e}{chapter.4}% 193
\BOOKMARK [2][-]{subsection.4.40.1}{\376\377\000D\000e\000s\000c\000r\000i\000p\000c\000i\000\363\000n\000\040\000c\000o\000m\000p\000l\000e\000t\000a}{section.4.40}% 194
\BOOKMARK [2][-]{subsection.4.40.2}{\376\377\000A\000t\000r\000i\000b\000u\000t\000o\000s\000\040\000i\000m\000p\000o\000r\000t\000a\000n\000t\000e\000s}{section.4.40}% 195
\BOOKMARK [2][-]{subsection.4.40.3}{\376\377\000T\000r\000a\000y\000e\000c\000t\000o\000r\000i\000a\000s\000\040\000d\000e\000l\000\040\000C\000a\000s\000o\000\040\000d\000e\000\040\000U\000s\000o}{section.4.40}% 196
\BOOKMARK [1][-]{section.4.41}{\376\377\000C\000U\000-\0003\0009\000\040\000C\000o\000n\000s\000u\000l\000t\000a\000r\000\040\000d\000a\000s\000h\000b\000o\000a\000r\000d\000\040\000d\000e\000l\000\040\000D\000i\000r\000e\000c\000t\000o\000r}{chapter.4}% 197
\BOOKMARK [2][-]{subsection.4.41.1}{\376\377\000D\000e\000s\000c\000r\000i\000p\000c\000i\000\363\000n\000\040\000c\000o\000m\000p\000l\000e\000t\000a}{section.4.41}% 198
\BOOKMARK [2][-]{subsection.4.41.2}{\376\377\000A\000t\000r\000i\000b\000u\000t\000o\000s\000\040\000i\000m\000p\000o\000r\000t\000a\000n\000t\000e\000s}{section.4.41}% 199
\BOOKMARK [2][-]{subsection.4.41.3}{\376\377\000T\000r\000a\000y\000e\000c\000t\000o\000r\000i\000a\000s\000\040\000d\000e\000l\000\040\000C\000a\000s\000o\000\040\000d\000e\000\040\000U\000s\000o}{section.4.41}% 200
\BOOKMARK [1][-]{section.4.42}{\376\377\000C\000U\000-\0004\0000\000\040\000M\000a\000n\000t\000e\000n\000e\000r\000\040\000c\000a\000t\000\341\000l\000o\000g\000o\000s\000\040\000d\000e\000l\000\040\000s\000i\000s\000t\000e\000m\000a}{chapter.4}% 201
\BOOKMARK [2][-]{subsection.4.42.1}{\376\377\000D\000e\000s\000c\000r\000i\000p\000c\000i\000\363\000n\000\040\000c\000o\000m\000p\000l\000e\000t\000a}{section.4.42}% 202
\BOOKMARK [2][-]{subsection.4.42.2}{\376\377\000A\000t\000r\000i\000b\000u\000t\000o\000s\000\040\000i\000m\000p\000o\000r\000t\000a\000n\000t\000e\000s}{section.4.42}% 203
\BOOKMARK [2][-]{subsection.4.42.3}{\376\377\000T\000r\000a\000y\000e\000c\000t\000o\000r\000i\000a\000s\000\040\000d\000e\000l\000\040\000C\000a\000s\000o\000\040\000d\000e\000\040\000U\000s\000o}{section.4.42}% 204
\BOOKMARK [1][-]{section.4.43}{\376\377\000C\000U\000-\0004\0001\000\040\000C\000a\000r\000g\000a\000r\000\040\000d\000o\000c\000u\000m\000e\000n\000t\000o\000s\000\040\000o\000f\000i\000c\000i\000a\000l\000e\000s\000\040\000d\000e\000l\000\040\000N\000N\000A}{chapter.4}% 205
\BOOKMARK [2][-]{subsection.4.43.1}{\376\377\000D\000e\000s\000c\000r\000i\000p\000c\000i\000\363\000n\000\040\000c\000o\000m\000p\000l\000e\000t\000a}{section.4.43}% 206
\BOOKMARK [2][-]{subsection.4.43.2}{\376\377\000A\000t\000r\000i\000b\000u\000t\000o\000s\000\040\000i\000m\000p\000o\000r\000t\000a\000n\000t\000e\000s}{section.4.43}% 207
\BOOKMARK [2][-]{subsection.4.43.3}{\376\377\000T\000r\000a\000y\000e\000c\000t\000o\000r\000i\000a\000s\000\040\000d\000e\000l\000\040\000C\000a\000s\000o\000\040\000d\000e\000\040\000U\000s\000o}{section.4.43}% 208
\BOOKMARK [1][-]{section.4.44}{\376\377\000C\000U\000-\0004\0002\000\040\000V\000i\000s\000u\000a\000l\000i\000z\000a\000r\000\040\000d\000o\000c\000u\000m\000e\000n\000t\000o\000s\000\040\000a\000d\000j\000u\000n\000t\000o\000s\000\040\000d\000e\000l\000\040\000e\000x\000p\000e\000d\000i\000e\000n\000t\000e}{chapter.4}% 209
\BOOKMARK [2][-]{subsection.4.44.1}{\376\377\000D\000e\000s\000c\000r\000i\000p\000c\000i\000\363\000n\000\040\000c\000o\000m\000p\000l\000e\000t\000a}{section.4.44}% 210
\BOOKMARK [2][-]{subsection.4.44.2}{\376\377\000A\000t\000r\000i\000b\000u\000t\000o\000s\000\040\000i\000m\000p\000o\000r\000t\000a\000n\000t\000e\000s}{section.4.44}% 211
\BOOKMARK [2][-]{subsection.4.44.3}{\376\377\000T\000r\000a\000y\000e\000c\000t\000o\000r\000i\000a\000s\000\040\000d\000e\000l\000\040\000C\000a\000s\000o\000\040\000d\000e\000\040\000U\000s\000o}{section.4.44}% 212
\BOOKMARK [1][-]{section.4.45}{\376\377\000C\000U\000-\0004\0003\000\040\000V\000a\000l\000i\000d\000a\000r\000\040\000a\000c\000t\000a\000\040\000d\000e\000\040\000n\000a\000c\000i\000m\000i\000e\000n\000t\000o\000\040\000d\000e\000l\000\040\000N\000N\000A}{chapter.4}% 213
\BOOKMARK [2][-]{subsection.4.45.1}{\376\377\000D\000e\000s\000c\000r\000i\000p\000c\000i\000\363\000n\000\040\000c\000o\000m\000p\000l\000e\000t\000a}{section.4.45}% 214
\BOOKMARK [2][-]{subsection.4.45.2}{\376\377\000A\000t\000r\000i\000b\000u\000t\000o\000s\000\040\000i\000m\000p\000o\000r\000t\000a\000n\000t\000e\000s}{section.4.45}% 215
\BOOKMARK [2][-]{subsection.4.45.3}{\376\377\000T\000r\000a\000y\000e\000c\000t\000o\000r\000i\000a\000s\000\040\000d\000e\000l\000\040\000C\000a\000s\000o\000\040\000d\000e\000\040\000U\000s\000o}{section.4.45}% 216
\BOOKMARK [1][-]{section.4.46}{\376\377\000C\000U\000-\0004\0004\000\040\000C\000o\000n\000s\000u\000l\000t\000a\000r\000\040\000p\000a\000n\000e\000l\000\040\000d\000e\000\040\000c\000a\000s\000o\000s\000\040\000d\000e\000l\000\040\000C\000o\000o\000r\000d\000i\000n\000a\000d\000o\000r}{chapter.4}% 217
\BOOKMARK [2][-]{subsection.4.46.1}{\376\377\000D\000e\000s\000c\000r\000i\000p\000c\000i\000\363\000n\000\040\000c\000o\000m\000p\000l\000e\000t\000a}{section.4.46}% 218
\BOOKMARK [2][-]{subsection.4.46.2}{\376\377\000A\000t\000r\000i\000b\000u\000t\000o\000s\000\040\000i\000m\000p\000o\000r\000t\000a\000n\000t\000e\000s}{section.4.46}% 219
\BOOKMARK [2][-]{subsection.4.46.3}{\376\377\000T\000r\000a\000y\000e\000c\000t\000o\000r\000i\000a\000s\000\040\000d\000e\000l\000\040\000C\000a\000s\000o\000\040\000d\000e\000\040\000U\000s\000o}{section.4.46}% 220
\BOOKMARK [1][-]{section.4.47}{\376\377\000C\000U\000-\0004\0005\000\040\000C\000o\000n\000s\000u\000l\000t\000a\000r\000\040\000p\000a\000n\000e\000l\000\040\000d\000e\000\040\000c\000a\000s\000o\000s\000\040\000d\000e\000l\000\040\000e\000s\000p\000e\000c\000i\000a\000l\000i\000s\000t\000a}{chapter.4}% 221
\BOOKMARK [2][-]{subsection.4.47.1}{\376\377\000D\000e\000s\000c\000r\000i\000p\000c\000i\000\363\000n\000\040\000c\000o\000m\000p\000l\000e\000t\000a}{section.4.47}% 222
\BOOKMARK [2][-]{subsection.4.47.2}{\376\377\000A\000t\000r\000i\000b\000u\000t\000o\000s\000\040\000i\000m\000p\000o\000r\000t\000a\000n\000t\000e\000s}{section.4.47}% 223
\BOOKMARK [2][-]{subsection.4.47.3}{\376\377\000T\000r\000a\000y\000e\000c\000t\000o\000r\000i\000a\000s\000\040\000d\000e\000l\000\040\000C\000a\000s\000o\000\040\000d\000e\000\040\000U\000s\000o}{section.4.47}% 224
\BOOKMARK [1][-]{section.4.48}{\376\377\000C\000U\000-\0004\0006\000\040\000R\000e\000g\000i\000s\000t\000r\000a\000r\000\040\000i\000n\000d\000i\000c\000a\000d\000o\000r\000e\000s\000\040\000d\000e\000\040\000r\000i\000e\000s\000g\000o\000\040\000e\000m\000o\000c\000i\000o\000n\000a\000l\000\040\000d\000e\000l\000\040\000N\000N\000A}{chapter.4}% 225
\BOOKMARK [2][-]{subsection.4.48.1}{\376\377\000D\000e\000s\000c\000r\000i\000p\000c\000i\000\363\000n\000\040\000c\000o\000m\000p\000l\000e\000t\000a}{section.4.48}% 226
\BOOKMARK [2][-]{subsection.4.48.2}{\376\377\000A\000t\000r\000i\000b\000u\000t\000o\000s\000\040\000i\000m\000p\000o\000r\000t\000a\000n\000t\000e\000s}{section.4.48}% 227
\BOOKMARK [2][-]{subsection.4.48.3}{\376\377\000T\000r\000a\000y\000e\000c\000t\000o\000r\000i\000a\000s\000\040\000d\000e\000l\000\040\000C\000a\000s\000o\000\040\000d\000e\000\040\000U\000s\000o}{section.4.48}% 228
\BOOKMARK [1][-]{section.4.49}{\376\377\000C\000U\000-\0004\0007\000\040\000R\000e\000g\000i\000s\000t\000r\000a\000r\000\040\000d\000a\000t\000o\000s\000\040\000d\000e\000\040\000c\000o\000n\000t\000a\000c\000t\000o\000\040\000d\000e\000l\000\040\000N\000N\000A}{chapter.4}% 229
\BOOKMARK [2][-]{subsection.4.49.1}{\376\377\000D\000e\000s\000c\000r\000i\000p\000c\000i\000\363\000n\000\040\000c\000o\000m\000p\000l\000e\000t\000a}{section.4.49}% 230
\BOOKMARK [2][-]{subsection.4.49.2}{\376\377\000A\000t\000r\000i\000b\000u\000t\000o\000s\000\040\000i\000m\000p\000o\000r\000t\000a\000n\000t\000e\000s}{section.4.49}% 231
\BOOKMARK [2][-]{subsection.4.49.3}{\376\377\000T\000r\000a\000y\000e\000c\000t\000o\000r\000i\000a\000s\000\040\000d\000e\000l\000\040\000C\000a\000s\000o\000\040\000d\000e\000\040\000U\000s\000o}{section.4.49}% 232
\BOOKMARK [1][-]{section.4.50}{\376\377\000C\000U\000-\0004\0008\000\040\000R\000e\000g\000i\000s\000t\000r\000a\000r\000\040\000e\000s\000c\000o\000l\000a\000r\000i\000d\000a\000d\000\040\000d\000e\000l\000\040\000N\000N\000A}{chapter.4}% 233
\BOOKMARK [2][-]{subsection.4.50.1}{\376\377\000D\000e\000s\000c\000r\000i\000p\000c\000i\000\363\000n\000\040\000c\000o\000m\000p\000l\000e\000t\000a}{section.4.50}% 234
\BOOKMARK [2][-]{subsection.4.50.2}{\376\377\000A\000t\000r\000i\000b\000u\000t\000o\000s\000\040\000i\000m\000p\000o\000r\000t\000a\000n\000t\000e\000s}{section.4.50}% 235
\BOOKMARK [2][-]{subsection.4.50.3}{\376\377\000T\000r\000a\000y\000e\000c\000t\000o\000r\000i\000a\000s\000\040\000d\000e\000l\000\040\000C\000a\000s\000o\000\040\000d\000e\000\040\000U\000s\000o}{section.4.50}% 236
\BOOKMARK [1][-]{section.4.51}{\376\377\000C\000U\000-\0004\0009\000\040\000R\000e\000g\000i\000s\000t\000r\000a\000r\000\040\000c\000o\000m\000p\000o\000s\000i\000c\000i\000\363\000n\000\040\000d\000e\000l\000\040\000n\000\372\000c\000l\000e\000o\000\040\000f\000a\000m\000i\000l\000i\000a\000r}{chapter.4}% 237
\BOOKMARK [2][-]{subsection.4.51.1}{\376\377\000D\000e\000s\000c\000r\000i\000p\000c\000i\000\363\000n\000\040\000c\000o\000m\000p\000l\000e\000t\000a}{section.4.51}% 238
\BOOKMARK [2][-]{subsection.4.51.2}{\376\377\000A\000t\000r\000i\000b\000u\000t\000o\000s\000\040\000i\000m\000p\000o\000r\000t\000a\000n\000t\000e\000s}{section.4.51}% 239
\BOOKMARK [2][-]{subsection.4.51.3}{\376\377\000T\000r\000a\000y\000e\000c\000t\000o\000r\000i\000a\000s\000\040\000d\000e\000l\000\040\000C\000a\000s\000o\000\040\000d\000e\000\040\000U\000s\000o}{section.4.51}% 240
\BOOKMARK [1][-]{section.4.52}{\376\377\000C\000U\000-\0005\0000\000\040\000E\000x\000p\000o\000r\000t\000a\000r\000\040\000e\000x\000p\000e\000d\000i\000e\000n\000t\000e\000\040\000c\000o\000m\000p\000l\000e\000t\000o\000\040\000e\000n\000\040\000P\000D\000F}{chapter.4}% 241
\BOOKMARK [2][-]{subsection.4.52.1}{\376\377\000D\000e\000s\000c\000r\000i\000p\000c\000i\000\363\000n\000\040\000c\000o\000m\000p\000l\000e\000t\000a}{section.4.52}% 242
\BOOKMARK [2][-]{subsection.4.52.2}{\376\377\000A\000t\000r\000i\000b\000u\000t\000o\000s\000\040\000i\000m\000p\000o\000r\000t\000a\000n\000t\000e\000s}{section.4.52}% 243
\BOOKMARK [2][-]{subsection.4.52.3}{\376\377\000T\000r\000a\000y\000e\000c\000t\000o\000r\000i\000a\000s\000\040\000d\000e\000l\000\040\000C\000a\000s\000o\000\040\000d\000e\000\040\000U\000s\000o}{section.4.52}% 244
\BOOKMARK [1][-]{section.4.53}{\376\377\000C\000U\000-\0005\0001\000\040\000R\000e\000g\000i\000s\000t\000r\000a\000r\000\040\000v\000i\000d\000a\000\040\000c\000o\000t\000i\000d\000i\000a\000n\000a\000\040\000y\000\040\000r\000e\000c\000r\000e\000a\000c\000i\000\363\000n\000\040\000d\000e\000l\000\040\000N\000N\000A}{chapter.4}% 245
\BOOKMARK [2][-]{subsection.4.53.1}{\376\377\000D\000e\000s\000c\000r\000i\000p\000c\000i\000\363\000n\000\040\000c\000o\000m\000p\000l\000e\000t\000a}{section.4.53}% 246
\BOOKMARK [2][-]{subsection.4.53.2}{\376\377\000A\000t\000r\000i\000b\000u\000t\000o\000s\000\040\000i\000m\000p\000o\000r\000t\000a\000n\000t\000e\000s}{section.4.53}% 247
\BOOKMARK [2][-]{subsection.4.53.3}{\376\377\000T\000r\000a\000y\000e\000c\000t\000o\000r\000i\000a\000s\000\040\000d\000e\000l\000\040\000C\000a\000s\000o\000\040\000d\000e\000\040\000U\000s\000o}{section.4.53}% 248
\BOOKMARK [1][-]{section.4.54}{\376\377\000C\000U\000-\0005\0002\000\040\000R\000e\000g\000i\000s\000t\000r\000a\000r\000\040\000c\000o\000n\000t\000e\000x\000t\000o\000\040\000i\000n\000d\000\355\000g\000e\000n\000a\000\040\000o\000\040\000r\000u\000r\000a\000l\000\040\000d\000e\000l\000\040\000N\000N\000A}{chapter.4}% 249
\BOOKMARK [2][-]{subsection.4.54.1}{\376\377\000D\000e\000s\000c\000r\000i\000p\000c\000i\000\363\000n\000\040\000c\000o\000m\000p\000l\000e\000t\000a}{section.4.54}% 250
\BOOKMARK [2][-]{subsection.4.54.2}{\376\377\000A\000t\000r\000i\000b\000u\000t\000o\000s\000\040\000i\000m\000p\000o\000r\000t\000a\000n\000t\000e\000s}{section.4.54}% 251
\BOOKMARK [2][-]{subsection.4.54.3}{\376\377\000T\000r\000a\000y\000e\000c\000t\000o\000r\000i\000a\000s\000\040\000d\000e\000l\000\040\000C\000a\000s\000o\000\040\000d\000e\000\040\000U\000s\000o}{section.4.54}% 252
\BOOKMARK [1][-]{section.4.55}{\376\377\000C\000U\000-\0005\0003\000\040\000N\000o\000t\000i\000f\000i\000c\000a\000r\000\040\000v\000e\000n\000c\000i\000m\000i\000e\000n\000t\000o\000\040\000d\000e\000\040\000m\000e\000d\000i\000d\000a\000\040\000d\000e\000l\000\040\000P\000R\000D}{chapter.4}% 253
\BOOKMARK [2][-]{subsection.4.55.1}{\376\377\000D\000e\000s\000c\000r\000i\000p\000c\000i\000\363\000n\000\040\000c\000o\000m\000p\000l\000e\000t\000a}{section.4.55}% 254
\BOOKMARK [2][-]{subsection.4.55.2}{\376\377\000A\000t\000r\000i\000b\000u\000t\000o\000s\000\040\000i\000m\000p\000o\000r\000t\000a\000n\000t\000e\000s}{section.4.55}% 255
\BOOKMARK [2][-]{subsection.4.55.3}{\376\377\000T\000r\000a\000y\000e\000c\000t\000o\000r\000i\000a\000s\000\040\000d\000e\000l\000\040\000C\000a\000s\000o\000\040\000d\000e\000\040\000U\000s\000o}{section.4.55}% 256
\BOOKMARK [1][-]{section.4.56}{\376\377\000C\000U\000-\0005\0004\000\040\000N\000o\000t\000i\000f\000i\000c\000a\000r\000\040\000v\000a\000l\000o\000r\000a\000c\000i\000\363\000n\000\040\000p\000e\000n\000d\000i\000e\000n\000t\000e\000\040\000d\000e\000\040\000e\000s\000p\000e\000c\000i\000a\000l\000i\000s\000t\000a}{chapter.4}% 257
\BOOKMARK [2][-]{subsection.4.56.1}{\376\377\000D\000e\000s\000c\000r\000i\000p\000c\000i\000\363\000n\000\040\000c\000o\000m\000p\000l\000e\000t\000a}{section.4.56}% 258
\BOOKMARK [2][-]{subsection.4.56.2}{\376\377\000A\000t\000r\000i\000b\000u\000t\000o\000s\000\040\000i\000m\000p\000o\000r\000t\000a\000n\000t\000e\000s}{section.4.56}% 259
\BOOKMARK [2][-]{subsection.4.56.3}{\376\377\000T\000r\000a\000y\000e\000c\000t\000o\000r\000i\000a\000s\000\040\000d\000e\000l\000\040\000C\000a\000s\000o\000\040\000d\000e\000\040\000U\000s\000o}{section.4.56}% 260
\BOOKMARK [1][-]{section.4.57}{\376\377\000C\000U\000-\0005\0005\000\040\000R\000e\000g\000i\000s\000t\000r\000a\000r\000\040\000a\000u\000d\000i\000t\000o\000r\000\355\000a\000\040\000a\000u\000t\000o\000m\000\341\000t\000i\000c\000a\000\040\000d\000e\000l\000\040\000e\000x\000p\000e\000d\000i\000e\000n\000t\000e}{chapter.4}% 261
\BOOKMARK [2][-]{subsection.4.57.1}{\376\377\000D\000e\000s\000c\000r\000i\000p\000c\000i\000\363\000n\000\040\000c\000o\000m\000p\000l\000e\000t\000a}{section.4.57}% 262
\BOOKMARK [2][-]{subsection.4.57.2}{\376\377\000A\000t\000r\000i\000b\000u\000t\000o\000s\000\040\000i\000m\000p\000o\000r\000t\000a\000n\000t\000e\000s}{section.4.57}% 263
\BOOKMARK [2][-]{subsection.4.57.3}{\376\377\000T\000r\000a\000y\000e\000c\000t\000o\000r\000i\000a\000s\000\040\000d\000e\000l\000\040\000C\000a\000s\000o\000\040\000d\000e\000\040\000U\000s\000o}{section.4.57}% 264
\BOOKMARK [1][-]{section.4.58}{\376\377\000C\000U\000-\0005\0006\000\040\000C\000e\000r\000r\000a\000r\000\040\000s\000e\000s\000i\000\363\000n}{chapter.4}% 265
\BOOKMARK [2][-]{subsection.4.58.1}{\376\377\000D\000e\000s\000c\000r\000i\000p\000c\000i\000\363\000n\000\040\000c\000o\000m\000p\000l\000e\000t\000a}{section.4.58}% 266
\BOOKMARK [2][-]{subsection.4.58.2}{\376\377\000A\000t\000r\000i\000b\000u\000t\000o\000s\000\040\000i\000m\000p\000o\000r\000t\000a\000n\000t\000e\000s}{section.4.58}% 267
\BOOKMARK [2][-]{subsection.4.58.3}{\376\377\000T\000r\000a\000y\000e\000c\000t\000o\000r\000i\000a\000s\000\040\000d\000e\000l\000\040\000C\000a\000s\000o\000\040\000d\000e\000\040\000U\000s\000o}{section.4.58}% 268
\BOOKMARK [1][-]{section.4.59}{\376\377\000C\000U\000-\0005\0007\000\040\000B\000l\000o\000q\000u\000e\000o\000\040\000a\000u\000t\000o\000m\000\341\000t\000i\000c\000o\000\040\000d\000e\000\040\000s\000e\000s\000i\000\363\000n\000\040\000p\000o\000r\000\040\000i\000n\000a\000c\000t\000i\000v\000i\000d\000a\000d}{chapter.4}% 269
\BOOKMARK [2][-]{subsection.4.59.1}{\376\377\000D\000e\000s\000c\000r\000i\000p\000c\000i\000\363\000n\000\040\000c\000o\000m\000p\000l\000e\000t\000a}{section.4.59}% 270
\BOOKMARK [2][-]{subsection.4.59.2}{\376\377\000A\000t\000r\000i\000b\000u\000t\000o\000s\000\040\000i\000m\000p\000o\000r\000t\000a\000n\000t\000e\000s}{section.4.59}% 271
\BOOKMARK [2][-]{subsection.4.59.3}{\376\377\000T\000r\000a\000y\000e\000c\000t\000o\000r\000i\000a\000s\000\040\000d\000e\000l\000\040\000C\000a\000s\000o\000\040\000d\000e\000\040\000U\000s\000o}{section.4.59}% 272
\BOOKMARK [0][-]{chapter.5}{\376\377\000M\000o\000d\000e\000l\000o\000\040\000d\000e\000\040\000l\000a\000\040\000i\000n\000t\000e\000r\000a\000c\000c\000i\000\363\000n}{}% 273
\BOOKMARK [1][-]{section.5.1}{\376\377\000M\000o\000d\000e\000l\000o\000\040\000d\000e\000\040\000n\000a\000v\000e\000g\000a\000c\000i\000\363\000n}{chapter.5}% 274
\BOOKMARK [1][-]{section.5.2}{\376\377\000I\000U\0002\0003\000\040\000P\000a\000n\000t\000a\000l\000l\000a\000\040\000d\000e\000\040\000C\000o\000n\000t\000r\000o\000l\000\040\000d\000e\000\040\000A\000c\000c\000e\000s\000o}{chapter.5}% 275
\BOOKMARK [2][-]{subsection.5.2.1}{\376\377\000O\000b\000j\000e\000t\000i\000v\000o}{section.5.2}% 276
\BOOKMARK [2][-]{subsection.5.2.2}{\376\377\000D\000i\000s\000e\000\361\000o}{section.5.2}% 277
\BOOKMARK [2][-]{subsection.5.2.3}{\376\377\000S\000a\000l\000i\000d\000a\000s}{section.5.2}% 278
\BOOKMARK [2][-]{subsection.5.2.4}{\376\377\000E\000n\000t\000r\000a\000d\000a\000s}{section.5.2}% 279
\BOOKMARK [2][-]{subsection.5.2.5}{\376\377\000C\000o\000m\000a\000n\000d\000o\000s}{section.5.2}% 280
\BOOKMARK [2][-]{subsection.5.2.6}{\376\377\000M\000e\000n\000s\000a\000j\000e\000s}{section.5.2}% 281
\BOOKMARK [1][-]{section.5.3}{\376\377\000I\000U\0002\0004\000\040\000P\000a\000n\000t\000a\000l\000l\000a\000\040\000d\000e\000\040\000G\000e\000s\000t\000i\000\363\000n\000\040\000d\000e\000\040\000P\000e\000r\000s\000o\000n\000a\000l}{chapter.5}% 282
\BOOKMARK [2][-]{subsection.5.3.1}{\376\377\000O\000b\000j\000e\000t\000i\000v\000o}{section.5.3}% 283
\BOOKMARK [2][-]{subsection.5.3.2}{\376\377\000D\000i\000s\000e\000\361\000o}{section.5.3}% 284
\BOOKMARK [2][-]{subsection.5.3.3}{\376\377\000S\000a\000l\000i\000d\000a\000s}{section.5.3}% 285
\BOOKMARK [2][-]{subsection.5.3.4}{\376\377\000E\000n\000t\000r\000a\000d\000a\000s}{section.5.3}% 286
\BOOKMARK [2][-]{subsection.5.3.5}{\376\377\000C\000o\000m\000a\000n\000d\000o\000s}{section.5.3}% 287
\BOOKMARK [2][-]{subsection.5.3.6}{\376\377\000M\000e\000n\000s\000a\000j\000e\000s}{section.5.3}% 288
\BOOKMARK [1][-]{section.5.4}{\376\377\000I\000U\0002\0005\000\040\000P\000a\000n\000t\000a\000l\000l\000a\000\040\000d\000e\000\040\000A\000s\000i\000g\000n\000a\000c\000i\000\363\000n\000\040\000d\000e\000\040\000C\000a\000s\000o\000s}{chapter.5}% 289
\BOOKMARK [2][-]{subsection.5.4.1}{\376\377\000O\000b\000j\000e\000t\000i\000v\000o}{section.5.4}% 290
\BOOKMARK [2][-]{subsection.5.4.2}{\376\377\000D\000i\000s\000e\000\361\000o}{section.5.4}% 291
\BOOKMARK [2][-]{subsection.5.4.3}{\376\377\000S\000a\000l\000i\000d\000a\000s}{section.5.4}% 292
\BOOKMARK [2][-]{subsection.5.4.4}{\376\377\000E\000n\000t\000r\000a\000d\000a\000s}{section.5.4}% 293
\BOOKMARK [2][-]{subsection.5.4.5}{\376\377\000C\000o\000m\000a\000n\000d\000o\000s}{section.5.4}% 294
\BOOKMARK [2][-]{subsection.5.4.6}{\376\377\000M\000e\000n\000s\000a\000j\000e\000s}{section.5.4}% 295
\BOOKMARK [1][-]{section.5.5}{\376\377\000I\000U\0002\0006\000\040\000P\000a\000n\000t\000a\000l\000l\000a\000\040\000d\000e\000\040\000E\000x\000p\000e\000d\000i\000e\000n\000t\000e\000\040\000\332\000n\000i\000c\000o\000\040\000d\000e\000\040\000N\000N\000A}{chapter.5}% 296
\BOOKMARK [2][-]{subsection.5.5.1}{\376\377\000O\000b\000j\000e\000t\000i\000v\000o}{section.5.5}% 297
\BOOKMARK [2][-]{subsection.5.5.2}{\376\377\000D\000i\000s\000e\000\361\000o}{section.5.5}% 298
\BOOKMARK [2][-]{subsection.5.5.3}{\376\377\000S\000a\000l\000i\000d\000a\000s}{section.5.5}% 299
\BOOKMARK [2][-]{subsection.5.5.4}{\376\377\000E\000n\000t\000r\000a\000d\000a\000s}{section.5.5}% 300
\BOOKMARK [2][-]{subsection.5.5.5}{\376\377\000C\000o\000m\000a\000n\000d\000o\000s}{section.5.5}% 301
\BOOKMARK [2][-]{subsection.5.5.6}{\376\377\000M\000e\000n\000s\000a\000j\000e\000s}{section.5.5}% 302
\BOOKMARK [1][-]{section.5.6}{\376\377\000I\000U\0002\0007\000\040\000P\000a\000n\000t\000a\000l\000l\000a\000\040\000d\000e\000\040\000R\000e\000g\000i\000s\000t\000r\000o\000\040\000d\000e\000\040\000E\000q\000u\000i\000p\000o\000\040\000d\000e\000\040\000T\000r\000a\000b\000a\000j\000o}{chapter.5}% 303
\BOOKMARK [2][-]{subsection.5.6.1}{\376\377\000O\000b\000j\000e\000t\000i\000v\000o}{section.5.6}% 304
\BOOKMARK [2][-]{subsection.5.6.2}{\376\377\000D\000i\000s\000e\000\361\000o}{section.5.6}% 305
\BOOKMARK [2][-]{subsection.5.6.3}{\376\377\000S\000a\000l\000i\000d\000a\000s}{section.5.6}% 306
\BOOKMARK [2][-]{subsection.5.6.4}{\376\377\000E\000n\000t\000r\000a\000d\000a\000s}{section.5.6}% 307
\BOOKMARK [2][-]{subsection.5.6.5}{\376\377\000C\000o\000m\000a\000n\000d\000o\000s}{section.5.6}% 308
\BOOKMARK [2][-]{subsection.5.6.6}{\376\377\000M\000e\000n\000s\000a\000j\000e\000s}{section.5.6}% 309
\BOOKMARK [1][-]{section.5.7}{\376\377\000I\000U\0002\0008\000\040\000P\000a\000n\000t\000a\000l\000l\000a\000\040\000d\000e\000\040\000G\000e\000s\000t\000i\000\363\000n\000\040\000d\000e\000\040\000E\000q\000u\000i\000p\000o\000s}{chapter.5}% 310
\BOOKMARK [2][-]{subsection.5.7.1}{\376\377\000O\000b\000j\000e\000t\000i\000v\000o}{section.5.7}% 311
\BOOKMARK [2][-]{subsection.5.7.2}{\376\377\000D\000i\000s\000e\000\361\000o}{section.5.7}% 312
\BOOKMARK [2][-]{subsection.5.7.3}{\376\377\000S\000a\000l\000i\000d\000a\000s}{section.5.7}% 313
\BOOKMARK [2][-]{subsection.5.7.4}{\376\377\000E\000n\000t\000r\000a\000d\000a\000s}{section.5.7}% 314
\BOOKMARK [2][-]{subsection.5.7.5}{\376\377\000C\000o\000m\000a\000n\000d\000o\000s}{section.5.7}% 315
\BOOKMARK [2][-]{subsection.5.7.6}{\376\377\000M\000e\000n\000s\000a\000j\000e\000s}{section.5.7}% 316
\BOOKMARK [1][-]{section.5.8}{\376\377\000I\000U\0002\0009\000\040\000P\000a\000n\000t\000a\000l\000l\000a\000\040\000d\000e\000\040\000P\000e\000r\000f\000i\000l\000\040\000d\000e\000\040\000U\000s\000u\000a\000r\000i\000o}{chapter.5}% 317
\BOOKMARK [2][-]{subsection.5.8.1}{\376\377\000O\000b\000j\000e\000t\000i\000v\000o}{section.5.8}% 318
\BOOKMARK [2][-]{subsection.5.8.2}{\376\377\000D\000i\000s\000e\000\361\000o}{section.5.8}% 319
\BOOKMARK [2][-]{subsection.5.8.3}{\376\377\000S\000a\000l\000i\000d\000a\000s}{section.5.8}% 320
\BOOKMARK [2][-]{subsection.5.8.4}{\376\377\000E\000n\000t\000r\000a\000d\000a\000s}{section.5.8}% 321
\BOOKMARK [2][-]{subsection.5.8.5}{\376\377\000C\000o\000m\000a\000n\000d\000o\000s}{section.5.8}% 322
\BOOKMARK [2][-]{subsection.5.8.6}{\376\377\000M\000e\000n\000s\000a\000j\000e\000s}{section.5.8}% 323
\BOOKMARK [1][-]{section.5.9}{\376\377\000I\000U\0003\0000\000\040\000P\000a\000n\000t\000a\000l\000l\000a\000\040\000d\000e\000\040\000M\000o\000d\000i\000f\000i\000c\000a\000c\000i\000\363\000n\000\040\000d\000e\000\040\000P\000e\000r\000f\000i\000l\000\040\000d\000e\000\040\000P\000e\000r\000s\000o\000n\000a\000l}{chapter.5}% 324
\BOOKMARK [2][-]{subsection.5.9.1}{\376\377\000O\000b\000j\000e\000t\000i\000v\000o}{section.5.9}% 325
\BOOKMARK [2][-]{subsection.5.9.2}{\376\377\000D\000i\000s\000e\000\361\000o}{section.5.9}% 326
\BOOKMARK [2][-]{subsection.5.9.3}{\376\377\000S\000a\000l\000i\000d\000a\000s}{section.5.9}% 327
\BOOKMARK [2][-]{subsection.5.9.4}{\376\377\000E\000n\000t\000r\000a\000d\000a\000s}{section.5.9}% 328
\BOOKMARK [2][-]{subsection.5.9.5}{\376\377\000C\000o\000m\000a\000n\000d\000o\000s}{section.5.9}% 329
\BOOKMARK [2][-]{subsection.5.9.6}{\376\377\000M\000e\000n\000s\000a\000j\000e\000s}{section.5.9}% 330
\BOOKMARK [1][-]{section.5.10}{\376\377\000I\000U\0003\0001\000\040\000P\000a\000n\000e\000l\000\040\000d\000e\000\040\000C\000o\000n\000t\000r\000o\000l\000\040\000d\000e\000l\000\040\000C\000o\000o\000r\000d\000i\000n\000a\000d\000o\000r}{chapter.5}% 331
\BOOKMARK [2][-]{subsection.5.10.1}{\376\377\000O\000b\000j\000e\000t\000i\000v\000o}{section.5.10}% 332
\BOOKMARK [2][-]{subsection.5.10.2}{\376\377\000D\000i\000s\000e\000\361\000o}{section.5.10}% 333
\BOOKMARK [2][-]{subsection.5.10.3}{\376\377\000S\000a\000l\000i\000d\000a\000s}{section.5.10}% 334
\BOOKMARK [2][-]{subsection.5.10.4}{\376\377\000E\000n\000t\000r\000a\000d\000a\000s}{section.5.10}% 335
\BOOKMARK [2][-]{subsection.5.10.5}{\376\377\000C\000o\000m\000a\000n\000d\000o\000s}{section.5.10}% 336
\BOOKMARK [2][-]{subsection.5.10.6}{\376\377\000M\000e\000n\000s\000a\000j\000e\000s}{section.5.10}% 337
\BOOKMARK [1][-]{section.5.11}{\376\377\000I\000U\0003\0002\000\040\000P\000a\000n\000e\000l\000\040\000d\000e\000l\000\040\000E\000s\000p\000e\000c\000i\000a\000l\000i\000s\000t\000a}{chapter.5}% 338
\BOOKMARK [2][-]{subsection.5.11.1}{\376\377\000O\000b\000j\000e\000t\000i\000v\000o}{section.5.11}% 339
\BOOKMARK [2][-]{subsection.5.11.2}{\376\377\000D\000i\000s\000e\000\361\000o}{section.5.11}% 340
\BOOKMARK [2][-]{subsection.5.11.3}{\376\377\000S\000a\000l\000i\000d\000a\000s}{section.5.11}% 341
\BOOKMARK [2][-]{subsection.5.11.4}{\376\377\000E\000n\000t\000r\000a\000d\000a\000s}{section.5.11}% 342
\BOOKMARK [2][-]{subsection.5.11.5}{\376\377\000C\000o\000m\000a\000n\000d\000o\000s}{section.5.11}% 343
\BOOKMARK [2][-]{subsection.5.11.6}{\376\377\000M\000e\000n\000s\000a\000j\000e\000s}{section.5.11}% 344
\BOOKMARK [1][-]{section.5.12}{\376\377\000C\000a\000t\000\341\000l\000o\000g\000o\000\040\000d\000e\000\040\000m\000e\000n\000s\000a\000j\000e\000s}{chapter.5}% 345
